[onhugbahtochnow.sbs/index.html]
[backblue.gif]
[fade.gif]
[index.html]
[cdn.jsdelivr.net/npm/@fortawesome/fontawesome-free@6/css/all.min.css]
[onhugbahtochnow.sbs/assets/index-Nk5hQ9Fp.css]
[onhugbahtochnow.sbs/assets/index-f8rMPGcv.js]
[analytics.tiktok.com/i18n/pixel/events.js]
[onhugbahtochnow.sbs/index.html]
[cdn.jsdelivr.net/npm/@fortawesome/fontawesome-free@6/css/all.min.css]
[onhugbahtochnow.sbs/assets/rawline-100.eot]
[onhugbahtochnow.sbs/assets/rawline-100d41d.eot]
[onhugbahtochnow.sbs/assets/rawline-100.woff2]
[onhugbahtochnow.sbs/assets/rawline-100.woff]
[onhugbahtochnow.sbs/assets/rawline-100.ttf]
[onhugbahtochnow.sbs/assets/rawline-100.svg]
[onhugbahtochnow.sbs/assets/rawline-100i.eot]
[onhugbahtochnow.sbs/assets/rawline-100id41d.eot]
[onhugbahtochnow.sbs/assets/rawline-100i.woff2]
[onhugbahtochnow.sbs/assets/rawline-100i.woff]
[onhugbahtochnow.sbs/assets/rawline-100i.ttf]
[onhugbahtochnow.sbs/assets/rawline-100i.svg]
[onhugbahtochnow.sbs/assets/rawline-200.eot]
[onhugbahtochnow.sbs/assets/rawline-200d41d.eot]
[onhugbahtochnow.sbs/assets/rawline-200.woff2]
[onhugbahtochnow.sbs/assets/rawline-200.woff]
[onhugbahtochnow.sbs/assets/rawline-200.ttf]
[onhugbahtochnow.sbs/assets/rawline-200.svg]
[onhugbahtochnow.sbs/assets/rawline-200i.eot]
[onhugbahtochnow.sbs/assets/rawline-200id41d.eot]
[onhugbahtochnow.sbs/assets/rawline-200i.woff2]
[onhugbahtochnow.sbs/assets/rawline-200i.woff]
[onhugbahtochnow.sbs/assets/rawline-200i.ttf]
[onhugbahtochnow.sbs/assets/rawline-200i.svg]
[onhugbahtochnow.sbs/assets/rawline-300.eot]
[onhugbahtochnow.sbs/assets/rawline-300d41d.eot]
[onhugbahtochnow.sbs/assets/rawline-300.woff2]
[onhugbahtochnow.sbs/assets/rawline-300.woff]
[onhugbahtochnow.sbs/assets/rawline-300.ttf]
[onhugbahtochnow.sbs/assets/rawline-300.svg]
[onhugbahtochnow.sbs/assets/rawline-300i.eot]
[onhugbahtochnow.sbs/assets/rawline-300id41d.eot]
[onhugbahtochnow.sbs/assets/rawline-300i.woff2]
[onhugbahtochnow.sbs/assets/rawline-300i.woff]
[onhugbahtochnow.sbs/assets/rawline-300i.ttf]
[onhugbahtochnow.sbs/assets/rawline-300i.svg]
[onhugbahtochnow.sbs/assets/rawline-400.eot]
[onhugbahtochnow.sbs/assets/rawline-400d41d.eot]
[onhugbahtochnow.sbs/assets/rawline-400.woff2]
[onhugbahtochnow.sbs/assets/rawline-400.woff]
[onhugbahtochnow.sbs/assets/rawline-400.ttf]
[onhugbahtochnow.sbs/assets/rawline-400.svg]
[onhugbahtochnow.sbs/assets/rawline-400i.eot]
[onhugbahtochnow.sbs/assets/rawline-400id41d.eot]
[onhugbahtochnow.sbs/assets/rawline-400i.woff2]
[onhugbahtochnow.sbs/assets/rawline-400i.woff]
[onhugbahtochnow.sbs/assets/rawline-400i.ttf]
[onhugbahtochnow.sbs/assets/rawline-400i.svg]
[onhugbahtochnow.sbs/assets/rawline-500.eot]
[onhugbahtochnow.sbs/assets/rawline-500d41d.eot]
[onhugbahtochnow.sbs/assets/rawline-500.woff2]
[onhugbahtochnow.sbs/assets/rawline-500.woff]
[onhugbahtochnow.sbs/assets/rawline-500.ttf]
[onhugbahtochnow.sbs/assets/rawline-500.svg]
[onhugbahtochnow.sbs/assets/rawline-500i.eot]
[onhugbahtochnow.sbs/assets/rawline-500id41d.eot]
[onhugbahtochnow.sbs/assets/rawline-500i.woff2]
[onhugbahtochnow.sbs/assets/rawline-500i.woff]
[onhugbahtochnow.sbs/assets/rawline-500i.ttf]
[onhugbahtochnow.sbs/assets/rawline-500i.svg]
[onhugbahtochnow.sbs/assets/rawline-600.eot]
[onhugbahtochnow.sbs/assets/rawline-600d41d.eot]
[onhugbahtochnow.sbs/assets/rawline-600.woff2]
[onhugbahtochnow.sbs/assets/rawline-600.woff]
[onhugbahtochnow.sbs/assets/rawline-600.ttf]
[onhugbahtochnow.sbs/assets/rawline-600.svg]
[onhugbahtochnow.sbs/assets/rawline-600i.eot]
[onhugbahtochnow.sbs/assets/rawline-600id41d.eot]
[onhugbahtochnow.sbs/assets/rawline-600i.woff2]
[onhugbahtochnow.sbs/assets/rawline-600i.woff]
[onhugbahtochnow.sbs/assets/rawline-600i.ttf]
[onhugbahtochnow.sbs/assets/rawline-600i.svg]
[onhugbahtochnow.sbs/assets/rawline-700.eot]
[onhugbahtochnow.sbs/assets/rawline-700d41d.eot]
[onhugbahtochnow.sbs/assets/rawline-700.woff2]
[onhugbahtochnow.sbs/assets/rawline-700.woff]
[onhugbahtochnow.sbs/assets/rawline-700.ttf]
[onhugbahtochnow.sbs/assets/rawline-700.svg]
[onhugbahtochnow.sbs/assets/rawline-700i.eot]
[onhugbahtochnow.sbs/assets/rawline-700id41d.eot]
[onhugbahtochnow.sbs/assets/rawline-700i.woff2]
[onhugbahtochnow.sbs/assets/rawline-700i.woff]
[onhugbahtochnow.sbs/assets/rawline-700i.ttf]
[onhugbahtochnow.sbs/assets/rawline-700i.svg]
[onhugbahtochnow.sbs/assets/rawline-800.eot]
[onhugbahtochnow.sbs/assets/rawline-800d41d.eot]
[onhugbahtochnow.sbs/assets/rawline-800.woff2]
[onhugbahtochnow.sbs/assets/rawline-800.woff]
[onhugbahtochnow.sbs/assets/rawline-800.ttf]
[onhugbahtochnow.sbs/assets/rawline-800.svg]
[onhugbahtochnow.sbs/assets/rawline-800i.eot]
[onhugbahtochnow.sbs/assets/rawline-800id41d.eot]
[onhugbahtochnow.sbs/assets/rawline-800i.woff2]
[onhugbahtochnow.sbs/assets/rawline-800i.woff]
[onhugbahtochnow.sbs/assets/rawline-800i.ttf]
[onhugbahtochnow.sbs/assets/rawline-800i.svg]
[onhugbahtochnow.sbs/assets/rawline-900.eot]
[onhugbahtochnow.sbs/assets/rawline-900d41d.eot]
[onhugbahtochnow.sbs/assets/rawline-900.woff2]
[onhugbahtochnow.sbs/assets/rawline-900.woff]
[onhugbahtochnow.sbs/assets/rawline-900.ttf]
[onhugbahtochnow.sbs/assets/rawline-900.svg]
[onhugbahtochnow.sbs/assets/rawline-900i.eot]
[onhugbahtochnow.sbs/assets/rawline-900id41d.eot]
[onhugbahtochnow.sbs/assets/rawline-900i.woff2]
[onhugbahtochnow.sbs/assets/rawline-900i.woff]
[onhugbahtochnow.sbs/assets/rawline-900i.ttf]
[onhugbahtochnow.sbs/assets/rawline-900i.svg]
[onhugbahtochnow.sbs/img/acesso-informacao-logo-contraste.png]
[onhugbahtochnow.sbs/img/governo-federal-contraste.png]
[onhugbahtochnow.sbs/fonts/rawline-400.woff2]
[onhugbahtochnow.sbs/fonts/rawline-500.woff2]
[onhugbahtochnow.sbs/fonts/rawline-600.woff2]
[onhugbahtochnow.sbs/fonts/rawline-700.woff2]
[onhugbahtochnow.sbs/assets/index-Nk5hQ9Fp.css]
[onhugbahtochnow.sbs/assets/rawline-100.html]
[onhugbahtochnow.sbs/assets/rawline-100d41d.html]
[onhugbahtochnow.sbs/assets/rawline-101.html]
[onhugbahtochnow.sbs/assets/rawline-102.html]
[onhugbahtochnow.sbs/assets/rawline-103.html]
[onhugbahtochnow.sbs/assets/rawline-104.html]
[onhugbahtochnow.sbs/assets/rawline-100i.html]
[onhugbahtochnow.sbs/assets/rawline-100id41d.html]
[onhugbahtochnow.sbs/assets/rawline-100i-2.html]
[onhugbahtochnow.sbs/assets/rawline-100i-3.html]
[onhugbahtochnow.sbs/assets/rawline-100i-4.html]
[onhugbahtochnow.sbs/assets/rawline-100i-5.html]
[onhugbahtochnow.sbs/assets/rawline-200.html]
[onhugbahtochnow.sbs/assets/rawline-200d41d.html]
[onhugbahtochnow.sbs/assets/rawline-201.html]
[onhugbahtochnow.sbs/assets/rawline-202.html]
[onhugbahtochnow.sbs/assets/rawline-203.html]
[onhugbahtochnow.sbs/assets/rawline-204.html]
[onhugbahtochnow.sbs/assets/rawline-200i.html]
[onhugbahtochnow.sbs/assets/rawline-200id41d.html]
[onhugbahtochnow.sbs/assets/rawline-200i-2.html]
[onhugbahtochnow.sbs/assets/rawline-200i-3.html]
[onhugbahtochnow.sbs/assets/rawline-200i-4.html]
[onhugbahtochnow.sbs/assets/rawline-200i-5.html]
[onhugbahtochnow.sbs/assets/rawline-300.html]
[onhugbahtochnow.sbs/assets/rawline-300d41d.html]
[onhugbahtochnow.sbs/assets/rawline-301.html]
[onhugbahtochnow.sbs/assets/rawline-302.html]
[onhugbahtochnow.sbs/assets/rawline-303.html]
[onhugbahtochnow.sbs/assets/rawline-304.html]
[onhugbahtochnow.sbs/assets/rawline-300i.html]
[onhugbahtochnow.sbs/assets/rawline-300id41d.html]
[onhugbahtochnow.sbs/assets/rawline-300i-2.html]
[onhugbahtochnow.sbs/assets/rawline-300i-3.html]
[onhugbahtochnow.sbs/assets/rawline-300i-4.html]
[onhugbahtochnow.sbs/assets/rawline-300i-5.html]
[onhugbahtochnow.sbs/assets/rawline-400.html]
[onhugbahtochnow.sbs/assets/rawline-400d41d.html]
[onhugbahtochnow.sbs/assets/rawline-401.html]
[onhugbahtochnow.sbs/assets/rawline-402.html]
[onhugbahtochnow.sbs/assets/rawline-403.html]
[onhugbahtochnow.sbs/assets/rawline-404.html]
[onhugbahtochnow.sbs/assets/rawline-400i.html]
[onhugbahtochnow.sbs/assets/rawline-400id41d.html]
[onhugbahtochnow.sbs/assets/rawline-400i-2.html]
[onhugbahtochnow.sbs/assets/rawline-400i-3.html]
[onhugbahtochnow.sbs/assets/rawline-400i-4.html]
[onhugbahtochnow.sbs/assets/rawline-400i-5.html]
[onhugbahtochnow.sbs/assets/rawline-500.html]
[onhugbahtochnow.sbs/assets/rawline-500d41d.html]
[onhugbahtochnow.sbs/assets/rawline-501.html]
[onhugbahtochnow.sbs/assets/rawline-502.html]
[onhugbahtochnow.sbs/assets/rawline-503.html]
[onhugbahtochnow.sbs/assets/rawline-504.html]
[onhugbahtochnow.sbs/assets/rawline-500i.html]
[onhugbahtochnow.sbs/assets/rawline-500id41d.html]
[onhugbahtochnow.sbs/assets/rawline-500i-2.html]
[onhugbahtochnow.sbs/assets/rawline-500i-3.html]
[onhugbahtochnow.sbs/assets/rawline-500i-4.html]
[onhugbahtochnow.sbs/assets/rawline-500i-5.html]
[onhugbahtochnow.sbs/assets/rawline-600.html]
[onhugbahtochnow.sbs/assets/rawline-600d41d.html]
[onhugbahtochnow.sbs/assets/rawline-601.html]
[onhugbahtochnow.sbs/assets/rawline-602.html]
[onhugbahtochnow.sbs/assets/rawline-603.html]
[onhugbahtochnow.sbs/assets/rawline-604.html]
[onhugbahtochnow.sbs/assets/rawline-600i.html]
[onhugbahtochnow.sbs/assets/rawline-600id41d.html]
[onhugbahtochnow.sbs/assets/rawline-600i-2.html]
[onhugbahtochnow.sbs/assets/rawline-600i-3.html]
[onhugbahtochnow.sbs/assets/rawline-600i-4.html]
[onhugbahtochnow.sbs/assets/rawline-600i-5.html]
[onhugbahtochnow.sbs/assets/rawline-700.html]
[onhugbahtochnow.sbs/assets/rawline-700d41d.html]
[onhugbahtochnow.sbs/assets/rawline-701.html]
[onhugbahtochnow.sbs/assets/rawline-702.html]
[onhugbahtochnow.sbs/assets/rawline-703.html]
[onhugbahtochnow.sbs/assets/rawline-704.html]
[onhugbahtochnow.sbs/assets/rawline-700i.html]
[onhugbahtochnow.sbs/assets/rawline-700id41d.html]
[onhugbahtochnow.sbs/assets/rawline-700i-2.html]
[onhugbahtochnow.sbs/assets/rawline-700i-3.html]
[onhugbahtochnow.sbs/assets/rawline-700i-4.html]
[onhugbahtochnow.sbs/assets/rawline-700i-5.html]
[onhugbahtochnow.sbs/assets/rawline-800.html]
[onhugbahtochnow.sbs/assets/rawline-800d41d.html]
[onhugbahtochnow.sbs/assets/rawline-801.html]
[onhugbahtochnow.sbs/assets/rawline-802.html]
[onhugbahtochnow.sbs/assets/rawline-803.html]
[onhugbahtochnow.sbs/assets/rawline-804.html]
[onhugbahtochnow.sbs/assets/rawline-800i.html]
[onhugbahtochnow.sbs/assets/rawline-800id41d.html]
[onhugbahtochnow.sbs/assets/rawline-800i-2.html]
[onhugbahtochnow.sbs/assets/rawline-800i-3.html]
[onhugbahtochnow.sbs/assets/rawline-800i-4.html]
[onhugbahtochnow.sbs/assets/rawline-800i-5.html]
[onhugbahtochnow.sbs/assets/rawline-900.html]
[onhugbahtochnow.sbs/assets/rawline-900d41d.html]
[onhugbahtochnow.sbs/assets/rawline-901.html]
[onhugbahtochnow.sbs/assets/rawline-902.html]
[onhugbahtochnow.sbs/assets/rawline-903.html]
[onhugbahtochnow.sbs/assets/rawline-904.html]
[onhugbahtochnow.sbs/assets/rawline-900i.html]
[onhugbahtochnow.sbs/assets/rawline-900id41d.html]
[onhugbahtochnow.sbs/assets/rawline-900i-2.html]
[onhugbahtochnow.sbs/assets/rawline-900i-3.html]
[onhugbahtochnow.sbs/assets/rawline-900i-4.html]
[onhugbahtochnow.sbs/assets/rawline-900i-5.html]
[onhugbahtochnow.sbs/img/acesso-informacao-logo-contraste.html]
[onhugbahtochnow.sbs/img/governo-federal-contraste.html]
[onhugbahtochnow.sbs/fonts/rawline-500.html]
